// Jest Snapshot v1, https://goo.gl/fbAQLP

exports[`Component: default default renders with default props 1`] = `ShallowWrapper {}`;

exports[`Component: default default renders with default props 2`] = `ShallowWrapper {}`;

exports[`Component: default default renders with default props 3`] = `ShallowWrapper {}`;

exports[`Component: default default renders with default props 4`] = `ShallowWrapper {}`;

exports[`Component: default default renders with default props 5`] = `ShallowWrapper {}`;

exports[`Component: default default renders with default props 6`] = `ShallowWrapper {}`;

exports[`Component: default default renders with default props 7`] = `ShallowWrapper {}`;

exports[`Component: default default renders with default props 8`] = `ShallowWrapper {}`;

exports[`Component: default default renders with default props 9`] = `ShallowWrapper {}`;

exports[`Component: default default renders with default props 10`] = `ShallowWrapper {}`;
